// Jest Snapshot v1, https://goo.gl/fbAQLP

exports[`renders correctly 1`] = `
<div
  style={
    Object {
      "float": "left",
      "width": "100%",
    }
  }
>
  <div
    className="form-group"
  >
    <span
      htmlFor="tag"
    />
    <div
      className="row"
    >
      <input
        className="form-control description"
        name="title"
        onChange={[Function]}
        placeholder=""
        style={
          Object {
            "border": "1px solid",
            "marginLeft": "1.5%",
            "marginRight": "2%",
            "marginTop": "1%",
            "width": "47%",
          }
        }
        value=""
      />
      <input
        className="form-control description"
        name="tag"
        onChange={[Function]}
        onKeyDown={[Function]}
        placeholder="add a tag"
        style={
          Object {
            "border": "1px solid",
            "margin": "1%",
            "width": "47%",
          }
        }
        value=""
      />
    </div>
  </div>
</div>
`;
